#Cmp ( order = Reference )
| C4         2200u, 40V
| C5         10u
| C6         100u
| C7         100n
| C8         100n
| C9         100n
| C10        27p
| C11        27p
| C12        100n
| C13        10u
| C14        100n
| C15        100n
| C16        100n
| C17        100n
| C18        100n
| C1.1       68n
| C1.2       68n
| C1.3       68n
| C1.4       68n
| C1.5       68n
| C2.1       1n
| C2.2       1n
| C2.3       1n
| C2.4       1n
| C2.5       1n
| C3.1       1n
| C3.2       1n
| C3.3       1n
| C3.4       1n
| C3.5       1n
| CON1       USB-MICRO-B
| DA1        IPS5451
| DA2        TLE5205
| DA4        USBLC6-2
| DA5        RO-1224
| DA6        LM1117MPX-3.3
| DD1        ADM233L
| DD3        STM32F103
| DD2.1      L6208N
| DD2.2      L6208N
| DD2.3      L6208N
| DD2.4      L6208N
| DD2.5      L6208N
| G1         8MHz
| L1         BMB2A0300AN1
| R7         22k
| R8         15k
| R9         1.5k
| R10        510
| R11        4.7k
| R12        1M
| R13        10k
| R14        10k
| R15        10k
| R16        10k
| R17        10k
| R18        100k
| R19        4.7k
| R20        15k
| R21        15k
| R22        10k
| R23        10k
| R24        10k
| R25        300 (II)
| R26        10k
| R27        RT0805BRB071KL
| R28        RT0805BRB071KL
| R29        RT0805BRB071KL
| R30        RT0805BRB071KL
| R31        RT0805BRB071KL
| R32        RT0805BRB071KL
| R33        RT0805BRB071KL
| R34        RT0805BRB071KL
| R35        22
| R36        22
| R37        10k
| R38        10k
| R39        10k
| R1.1       0.33
| R1.2       0.33
| R1.3       0.33
| R1.4       0.33
| R1.5       0.33
| R2.1       0.33
| R2.2       0.33
| R2.3       0.33
| R2.4       0.33
| R2.5       0.33
| R3.1       22k
| R3.2       22k
| R3.3       22k
| R3.4       22k
| R3.5       22k
| R4.1       1.8k
| R4.2       1.8k
| R4.3       1.8k
| R4.4       1.8k
| R4.5       1.8k
| R40.1      68
| R40.2      68
| R5.1       51k
| R5.2       51k
| R5.3       51k
| R5.4       51k
| R5.5       51k
| R6.1       51k
| R6.2       51k
| R6.3       51k
| R6.4       51k
| R6.5       51k
| SB1        RESET
| SB2        BOOT
| VD1        B120-E3
| VD2        PWR
| VD3        B120-E3
| VT1        DTA114Y
| VT2.1      NTE2984
| VT2.2      NTE2984
| XP1        GPRM1-61
| XP2        TRD
| XP3        CONN_7
| XP4        CONN_4
| XP5        CONN_7
| XP6        DB9
| XP7        Power
| XS1        DB9
#End Cmp

#Cmp ( order = Value )
| 27p          C10
| 27p          C11
| 1n           C2.1
| 1n           C2.2
| 1n           C2.3
| 1n           C2.4
| 1n           C2.5
| 1n           C3.1
| 1n           C3.2
| 1n           C3.3
| 1n           C3.4
| 1n           C3.5
| 68n          C1.1
| 68n          C1.2
| 68n          C1.3
| 68n          C1.4
| 68n          C1.5
| 100n         C7
| 100n         C8
| 100n         C9
| 100n         C12
| 100n         C14
| 100n         C15
| 100n         C16
| 100n         C17
| 100n         C18
| 10u          C5
| 10u          C13
| 100u         C6
| 2200u, 40V   C4
| USB-MICRO-B  CON1
| RO-1224      DA5
| LM1117MPX-3.3 DA6
| USBLC6-2     DA4
| IPS5451      DA1
| TLE5205      DA2
| ADM233L      DD1
| L6208N       DD2.1
| L6208N       DD2.2
| L6208N       DD2.3
| L6208N       DD2.4
| L6208N       DD2.5
| STM32F103    DD3
| 8MHz         G1
| BMB2A0300AN1 L1
| 0.33         R1.1
| 0.33         R1.2
| 0.33         R1.3
| 0.33         R1.4
| 0.33         R1.5
| 0.33         R2.1
| 0.33         R2.2
| 0.33         R2.3
| 0.33         R2.4
| 0.33         R2.5
| 22           R35
| 22           R36
| 68           R40.1
| 68           R40.2
| 510          R10
| 1.5k         R9
| 1.8k         R4.1
| 1.8k         R4.2
| 1.8k         R4.3
| 1.8k         R4.4
| 1.8k         R4.5
| 4.7k         R11
| 4.7k         R19
| 10k          R13
| 10k          R14
| 10k          R15
| 10k          R16
| 10k          R17
| 10k          R22
| 10k          R23
| 10k          R24
| 10k          R26
| 10k          R37
| 10k          R38
| 10k          R39
| 15k          R8
| 15k          R20
| 15k          R21
| 22k          R3.1
| 22k          R3.2
| 22k          R3.3
| 22k          R3.4
| 22k          R3.5
| 22k          R7
| 51k          R5.1
| 51k          R5.2
| 51k          R5.3
| 51k          R5.4
| 51k          R5.5
| 51k          R6.1
| 51k          R6.2
| 51k          R6.3
| 51k          R6.4
| 51k          R6.5
| 100k         R18
| 1M           R12
| 300 (II)     R25
| RT0805BRB071KL R27
| RT0805BRB071KL R28
| RT0805BRB071KL R29
| RT0805BRB071KL R30
| RT0805BRB071KL R31
| RT0805BRB071KL R32
| RT0805BRB071KL R33
| RT0805BRB071KL R34
| RESET        SB1
| BOOT         SB2
| B120-E3      VD1
| B120-E3      VD3
| PWR          VD2
| DTA114Y      VT1
| NTE2984      VT2.1
| NTE2984      VT2.2
| DB9          XP6
| GPRM1-61     XP1
| CONN_4       XP4
| CONN_7       XP3
| CONN_7       XP5
| TRD          XP2
| Power        XP7
| DB9          XS1
#End Cmp

#End List
