eeschema (2013-feb-26)-stable  >> Creation date: Ср 09 июл 2014 15:51:08
#Cmp ( order = Reference )
| C4         2200u, 40V  
| C5         10u         
| C6         100u        
| C7         100n        
| C8         100n        
| C9         100n        
| C10        27p         
| C11        27p         
| C12        100n        
| C13        10u         
| C14        100n        
| C15        100n        
| C16        100n        
| C17        100n        
| C18        100n        
| C1.1       68n         
| C1.2       68n         
| C1.3       68n         
| C1.4       68n         
| C1.5       68n         
| C2.1       1n          
| C2.2       1n          
| C2.3       1n          
| C2.4       1n          
| C2.5       1n          
| C3.1       1n          
| C3.2       1n          
| C3.3       1n          
| C3.4       1n          
| C3.5       1n          
| CON1       USB-MICRO-B 
| D1         B120-E3     
| D2         PWR         
| D3         B120-E3     
| IC1        ADM233L     
| IC2.1      L6208N      
| IC2.2      L6208N      
| IC2.3      L6208N      
| IC2.4      L6208N      
| IC2.5      L6208N      
| J1         DB9         
| J2         DB9         
| K1         CONN_3      
| L1         BMB2A0300AN1
| P1         CONN_2      
| P2         CONN_4      
| P3         CONN_4      
| P4         CONN_4      
| P5         CONN_4      
| P6         CONN_4      
| P7         CONN_2      
| P8         CONN_2      
| P9         CONN_2      
| P10        TRD         
| P11        CONN_7      
| P12        CONN_12     
| P13        CONN_5      
| P14        CONN_2      
| P15        CONN_4      
| P16        CONN_7      
| P17        CONN_2      
| P18        CONN_2      
| P19        CONN_2      
| Q1         DTA114Y     
| Q2         8MHz        
| Q3         RO-1224     
| Qp1.1      NTE2984     
| Qp1.2      NTE2984     
| R7         22k         
| R8         15k         
| R9         1.5k        
| R10        510         
| R11        4.7k        
| R12        1M          
| R13        10k         
| R14        10k         
| R15        10k         
| R16        10k         
| R17        10k         
| R18        100k        
| R19        4.7k        
| R20        15k         
| R21        15k         
| R22        10k         
| R23        10k         
| R24        10k         
| R25        1.2k (II)   
| R26        10k         
| R27        RT0805BRB071KL
| R28        RT0805BRB071KL
| R29        RT0805BRB071KL
| R30        RT0805BRB071KL
| R31        RT0805BRB071KL
| R32        RT0805BRB071KL
| R33        RT0805BRB071KL
| R34        RT0805BRB071KL
| R35        22          
| R36        22          
| R37        10k         
| R38        10k         
| R39        10k         
| R1.1       0.33        
| R1.2       0.33        
| R1.3       0.33        
| R1.4       0.33        
| R1.5       0.33        
| R2.1       0.33        
| R2.2       0.33        
| R2.3       0.33        
| R2.4       0.33        
| R2.5       0.33        
| R3.1       22k         
| R3.2       22k         
| R3.3       22k         
| R3.4       22k         
| R3.5       22k         
| R4.1       1.8k        
| R4.2       1.8k        
| R4.3       1.8k        
| R4.4       1.8k        
| R4.5       1.8k        
| R5.1       51k         
| R5.2       51k         
| R5.3       51k         
| R5.4       51k         
| R5.5       51k         
| R6.1       51k         
| R6.2       51k         
| R6.3       51k         
| R6.4       51k         
| R6.5       51k         
| SW1        RESET       
| SW2        BOOT        
| U1         IPS5451     
| U2         TLE5205     
| U3         STM32F103   
| U4         USBLC6-2    
| U5         LM1117MPX-3.3
#End Cmp

#Cmp ( order = Value )
| 27p          C10       
| 27p          C11       
| 1n           C2.1      
| 1n           C2.2      
| 1n           C2.3      
| 1n           C2.4      
| 1n           C2.5      
| 1n           C3.1      
| 1n           C3.2      
| 1n           C3.3      
| 1n           C3.4      
| 1n           C3.5      
| 68n          C1.1      
| 68n          C1.2      
| 68n          C1.3      
| 68n          C1.4      
| 68n          C1.5      
| 100n         C7        
| 100n         C8        
| 100n         C9        
| 100n         C12       
| 100n         C14       
| 100n         C15       
| 100n         C16       
| 100n         C17       
| 100n         C18       
| 10u          C5        
| 10u          C13       
| 100u         C6        
| 2200u, 40V   C4        
| USB-MICRO-B  CON1      
| B120-E3      D1        
| B120-E3      D3        
| PWR          D2        
| ADM233L      IC1       
| L6208N       IC2.1     
| L6208N       IC2.2     
| L6208N       IC2.3     
| L6208N       IC2.4     
| L6208N       IC2.5     
| DB9          J1        
| DB9          J2        
| CONN_3       K1        
| BMB2A0300AN1 L1        
| CONN_12      P12       
| CONN_2       P7        
| CONN_2       P17       
| CONN_2       P1        
| CONN_2       P8        
| CONN_2       P9        
| CONN_2       P14       
| CONN_2       P18       
| CONN_2       P19       
| CONN_4       P15       
| CONN_4       P2        
| CONN_4       P3        
| CONN_4       P4        
| CONN_4       P5        
| CONN_4       P6        
| CONN_5       P13       
| CONN_7       P11       
| CONN_7       P16       
| TRD          P10       
| 8MHz         Q2        
| RO-1224      Q3        
| DTA114Y      Q1        
| NTE2984      Qp1.1     
| NTE2984      Qp1.2     
| 0.33         R1.1      
| 0.33         R1.2      
| 0.33         R1.3      
| 0.33         R1.4      
| 0.33         R1.5      
| 0.33         R2.1      
| 0.33         R2.2      
| 0.33         R2.3      
| 0.33         R2.4      
| 0.33         R2.5      
| 22           R35       
| 22           R36       
| 510          R10       
| 1.2k (II)    R25       
| 1.5k         R9        
| 1.8k         R4.1      
| 1.8k         R4.2      
| 1.8k         R4.3      
| 1.8k         R4.4      
| 1.8k         R4.5      
| 4.7k         R11       
| 4.7k         R19       
| 10k          R13       
| 10k          R14       
| 10k          R15       
| 10k          R16       
| 10k          R17       
| 10k          R22       
| 10k          R23       
| 10k          R24       
| 10k          R26       
| 10k          R37       
| 10k          R38       
| 10k          R39       
| 15k          R8        
| 15k          R20       
| 15k          R21       
| 22k          R3.1      
| 22k          R3.2      
| 22k          R3.3      
| 22k          R3.4      
| 22k          R3.5      
| 22k          R7        
| 51k          R5.1      
| 51k          R5.2      
| 51k          R5.3      
| 51k          R5.4      
| 51k          R5.5      
| 51k          R6.1      
| 51k          R6.2      
| 51k          R6.3      
| 51k          R6.4      
| 51k          R6.5      
| 100k         R18       
| 1M           R12       
| RT0805BRB071KL R27       
| RT0805BRB071KL R28       
| RT0805BRB071KL R29       
| RT0805BRB071KL R30       
| RT0805BRB071KL R31       
| RT0805BRB071KL R32       
| RT0805BRB071KL R33       
| RT0805BRB071KL R34       
| RESET        SW1       
| BOOT         SW2       
| STM32F103    U3        
| LM1117MPX-3.3 U5        
| USBLC6-2     U4        
| IPS5451      U1        
| TLE5205      U2        
#End Cmp

#Global, Hierarchical Labels and PinSheets ( order = Alphab. ) count = 190

> +10V                         PinSheet Input   Loc /(X=12.750 ", Y=4.250 ")
> +10V                         PinSheet Input   Loc /(X=12.700 ", Y=9.400 ")
> +10V                         PinSheet Input   Loc /(X=12.750 ", Y=2.550 ")
> +10V                         PinSheet Input   Loc /(X=12.700 ", Y=7.750 ")
> +10V                         PinSheet Input   Loc /(X=12.750 ", Y=6.000 ")
> +10V                         Hierarchical        Loc /Filters slit #2/(X=2.700 ", Y=2.300 ")
> +10V                         Hierarchical        Loc /Filters slit #1/(X=2.700 ", Y=2.300 ")
> +10V                         Hierarchical        Loc /Turret slits/(X=2.700 ", Y=2.300 ")
> +10V                         Hierarchical        Loc /Short stage/(X=2.700 ", Y=2.300 ")
> +10V                         Hierarchical        Loc /Long stage/(X=2.700 ", Y=2.300 ")
> +24V                         PinSheet Input   Loc /(X=12.750 ", Y=4.100 ")
> +24V                         PinSheet Input   Loc /(X=12.700 ", Y=9.250 ")
> +24V                         PinSheet Input   Loc /(X=12.700 ", Y=7.600 ")
> +24V                         PinSheet Input   Loc /(X=12.750 ", Y=5.850 ")
> +24V                         PinSheet Input   Loc /(X=12.750 ", Y=2.400 ")
> +24V                         Hierarchical        Loc /Filters slit #2/(X=2.700 ", Y=2.500 ")
> +24V                         Hierarchical        Loc /Filters slit #1/(X=2.700 ", Y=2.500 ")
> +24V                         Hierarchical        Loc /Turret slits/(X=2.700 ", Y=2.500 ")
> +24V                         Hierarchical        Loc /Short stage/(X=2.700 ", Y=2.500 ")
> +24V                         Hierarchical        Loc /Long stage/(X=2.700 ", Y=2.500 ")
> +3.3V                        PinSheet Input   Loc /STM32F103 module/(X=0.950 ", Y=10.450 ")
> +3.3V                        Hierarchical        Loc /STM32F103 module/USB input circuit/(X=1.250 ", Y=2.000 ")
> +36V                         PinSheet Input   Loc /(X=3.650 ", Y=8.100 ")
> +36V                         Hierarchical        Loc /Shutter MOSFET/(X=2.350 ", Y=2.400 ")
> +5V                          PinSheet Input   Loc /(X=6.300 ", Y=2.800 ")
> +5V                          Hierarchical        Loc /STM32F103 module/(X=3.850 ", Y=0.900 ")
> +5V                          PinSheet Input   Loc /STM32F103 module/(X=3.250 ", Y=10.300 ")
> +5V                          Hierarchical        Loc /STM32F103 module/RS-232 level converter/(X=1.550 ", Y=1.900 ")
> 1-WIRE                       PinSheet BiDi    Loc /(X=6.300 ", Y=3.450 ")
> 1-WIRE                       Hierarchical        Loc /STM32F103 module/(X=1.600 ", Y=4.550 ")
> A                            PinSheet Output  Loc /(X=13.700 ", Y=7.000 ")
> A                            PinSheet Output  Loc /(X=13.750 ", Y=5.250 ")
> A                            PinSheet Output  Loc /(X=13.750 ", Y=1.800 ")
> A                            PinSheet Output  Loc /(X=13.700 ", Y=8.650 ")
> A                            PinSheet Output  Loc /(X=13.750 ", Y=3.500 ")
> A                            Hierarchical        Loc /Filters slit #2/(X=5.950 ", Y=3.550 ")
> A                            Hierarchical        Loc /Filters slit #1/(X=5.950 ", Y=3.550 ")
> A                            Hierarchical        Loc /Turret slits/(X=5.950 ", Y=3.550 ")
> A                            Hierarchical        Loc /Short stage/(X=5.950 ", Y=3.550 ")
> A                            Hierarchical        Loc /Long stage/(X=5.950 ", Y=3.550 ")
> A*                           PinSheet Output  Loc /(X=13.700 ", Y=8.800 ")
> A*                           PinSheet Output  Loc /(X=13.750 ", Y=1.950 ")
> A*                           PinSheet Output  Loc /(X=13.750 ", Y=5.400 ")
> A*                           PinSheet Output  Loc /(X=13.700 ", Y=7.150 ")
> A*                           PinSheet Output  Loc /(X=13.750 ", Y=3.650 ")
> A*                           Hierarchical        Loc /Filters slit #2/(X=5.950 ", Y=3.650 ")
> A*                           Hierarchical        Loc /Filters slit #1/(X=5.950 ", Y=3.650 ")
> A*                           Hierarchical        Loc /Turret slits/(X=5.950 ", Y=3.650 ")
> A*                           Hierarchical        Loc /Short stage/(X=5.950 ", Y=3.650 ")
> A*                           Hierarchical        Loc /Long stage/(X=5.950 ", Y=3.650 ")
> ADC[0..7]                    PinSheet Input   Loc /(X=8.100 ", Y=2.750 ")
> ADC[0..7]                    Hierarchical        Loc /STM32F103 module/(X=1.550 ", Y=4.200 ")
> B                            PinSheet Output  Loc /(X=13.750 ", Y=3.850 ")
> B                            PinSheet Output  Loc /(X=13.750 ", Y=5.600 ")
> B                            PinSheet Output  Loc /(X=13.700 ", Y=7.350 ")
> B                            PinSheet Output  Loc /(X=13.700 ", Y=9.000 ")
> B                            PinSheet Output  Loc /(X=13.750 ", Y=2.150 ")
> B                            Hierarchical        Loc /Filters slit #2/(X=5.950 ", Y=3.750 ")
> B                            Hierarchical        Loc /Filters slit #1/(X=5.950 ", Y=3.750 ")
> B                            Hierarchical        Loc /Turret slits/(X=5.950 ", Y=3.750 ")
> B                            Hierarchical        Loc /Short stage/(X=5.950 ", Y=3.750 ")
> B                            Hierarchical        Loc /Long stage/(X=5.950 ", Y=3.750 ")
> B*                           PinSheet Output  Loc /(X=13.750 ", Y=5.750 ")
> B*                           PinSheet Output  Loc /(X=13.750 ", Y=4.000 ")
> B*                           PinSheet Output  Loc /(X=13.700 ", Y=7.500 ")
> B*                           PinSheet Output  Loc /(X=13.700 ", Y=9.150 ")
> B*                           PinSheet Output  Loc /(X=13.750 ", Y=2.300 ")
> B*                           Hierarchical        Loc /Filters slit #2/(X=5.950 ", Y=3.850 ")
> B*                           Hierarchical        Loc /Filters slit #1/(X=5.950 ", Y=3.850 ")
> B*                           Hierarchical        Loc /Turret slits/(X=5.950 ", Y=3.850 ")
> B*                           Hierarchical        Loc /Short stage/(X=5.950 ", Y=3.850 ")
> B*                           Hierarchical        Loc /Long stage/(X=5.950 ", Y=3.850 ")
> DG_FEEDBACK                  PinSheet Input   Loc /(X=6.300 ", Y=6.600 ")
> DG_FEEDBACK                  Hierarchical        Loc /STM32F103 module/(X=1.600 ", Y=3.500 ")
> DIR[1..5]                    PinSheet Output  Loc /(X=8.100 ", Y=4.950 ")
> DIR[1..5]                    Hierarchical        Loc /STM32F103 module/(X=1.550 ", Y=5.350 ")
> EF                           PinSheet Output  Loc /(X=4.750 ", Y=8.100 ")
> EF                           Hierarchical        Loc /Shutter MOSFET/(X=2.350 ", Y=4.850 ")
> EN[1..5]                     PinSheet Output  Loc /(X=8.100 ", Y=4.400 ")
> EN[1..5]                     Hierarchical        Loc /STM32F103 module/(X=1.550 ", Y=6.200 ")
> EP[0..3]                     PinSheet Input   Loc /(X=6.300 ", Y=5.150 ")
> EP[0..3]                     Hierarchical        Loc /STM32F103 module/(X=1.550 ", Y=9.100 ")
> GND                          PinSheet Input   Loc /(X=4.750 ", Y=8.550 ")
> GND                          PinSheet Input   Loc /(X=4.750 ", Y=10.100 ")
> GND                          PinSheet Input   Loc /(X=4.750 ", Y=9.300 ")
> GND                          PinSheet Input   Loc /(X=6.300 ", Y=3.050 ")
> GND                          Hierarchical        Loc /STM32F103 module/(X=3.850 ", Y=1.200 ")
> GND                          PinSheet Input   Loc /STM32F103 module/(X=0.950 ", Y=10.800 ")
> GND                          PinSheet Input   Loc /STM32F103 module/(X=3.250 ", Y=10.450 ")
> GND                          Hierarchical        Loc /Power MOSFET module 1/(X=3.200 ", Y=2.800 ")
> GND                          Hierarchical        Loc /Power MOSFET module 2/(X=3.200 ", Y=2.800 ")
> GND                          Hierarchical        Loc /Shutter MOSFET/(X=2.350 ", Y=2.000 ")
> GND                          Hierarchical        Loc /STM32F103 module/RS-232 level converter/(X=1.550 ", Y=2.100 ")
> GND                          Hierarchical        Loc /STM32F103 module/USB input circuit/(X=1.250 ", Y=1.550 ")
> GND_OUT                      PinSheet Output  Loc /(X=3.650 ", Y=10.050 ")
> GND_OUT                      PinSheet Output  Loc /(X=3.650 ", Y=9.250 ")
> GND_OUT                      Hierarchical        Loc /Power MOSFET module 1/(X=3.150 ", Y=1.250 ")
> GND_OUT                      Hierarchical        Loc /Power MOSFET module 2/(X=3.150 ", Y=1.250 ")
> Hall[0..9]                   PinSheet Input   Loc /(X=6.300 ", Y=3.850 ")
> Hall[0..9]                   Hierarchical        Loc /STM32F103 module/(X=1.550 ", Y=7.200 ")
> IN1                          PinSheet Input   Loc /(X=4.750 ", Y=8.400 ")
> IN1                          Hierarchical        Loc /Shutter MOSFET/(X=2.350 ", Y=5.050 ")
> IN2                          PinSheet Input   Loc /(X=4.750 ", Y=8.250 ")
> IN2                          Hierarchical        Loc /Shutter MOSFET/(X=2.350 ", Y=5.200 ")
> ON                           PinSheet Input   Loc /(X=4.750 ", Y=9.200 ")
> ON                           PinSheet Input   Loc /(X=4.750 ", Y=10.000 ")
> ON                           Hierarchical        Loc /Power MOSFET module 1/(X=3.200 ", Y=2.550 ")
> ON                           Hierarchical        Loc /Power MOSFET module 2/(X=3.200 ", Y=2.550 ")
> OUT1                         PinSheet Output  Loc /(X=3.650 ", Y=8.250 ")
> OUT1                         Hierarchical        Loc /Shutter MOSFET/(X=2.350 ", Y=3.550 ")
> OUT2                         PinSheet Output  Loc /(X=3.650 ", Y=8.450 ")
> OUT2                         Hierarchical        Loc /Shutter MOSFET/(X=2.350 ", Y=3.750 ")
> POW[0..3]                    PinSheet Output  Loc /(X=6.300 ", Y=6.050 ")
> POW[0..3]                    Hierarchical        Loc /STM32F103 module/(X=1.600 ", Y=3.300 ")
> PWR_GND                      PinSheet Input   Loc /(X=12.750 ", Y=2.700 ")
> PWR_GND                      PinSheet Input   Loc /(X=12.750 ", Y=4.400 ")
> PWR_GND                      PinSheet Input   Loc /(X=12.750 ", Y=6.150 ")
> PWR_GND                      PinSheet Input   Loc /(X=12.700 ", Y=7.900 ")
> PWR_GND                      PinSheet Input   Loc /(X=12.700 ", Y=9.550 ")
> PWR_GND                      Hierarchical        Loc /Filters slit #2/(X=2.700 ", Y=2.900 ")
> PWR_GND                      Hierarchical        Loc /Filters slit #1/(X=2.700 ", Y=2.900 ")
> PWR_GND                      Hierarchical        Loc /Turret slits/(X=2.700 ", Y=2.900 ")
> PWR_GND                      Hierarchical        Loc /Short stage/(X=2.700 ", Y=2.900 ")
> PWR_GND                      Hierarchical        Loc /Long stage/(X=2.700 ", Y=2.900 ")
> SHTR                         PinSheet Output  Loc /(X=6.300 ", Y=6.250 ")
> SHTR                         Hierarchical        Loc /STM32F103 module/(X=1.550 ", Y=2.750 ")
> SHTR_FB                      PinSheet Input   Loc /(X=6.300 ", Y=6.400 ")
> SHTR_FB                      Hierarchical        Loc /STM32F103 module/(X=1.550 ", Y=2.900 ")
> SM_5V                        PinSheet Input   Loc /(X=12.700 ", Y=8.550 ")
> SM_5V                        PinSheet Input   Loc /(X=12.750 ", Y=3.400 ")
> SM_5V                        PinSheet Input   Loc /(X=12.700 ", Y=6.900 ")
> SM_5V                        PinSheet Input   Loc /(X=12.750 ", Y=5.150 ")
> SM_5V                        PinSheet Input   Loc /(X=12.750 ", Y=1.700 ")
> SM_5V                        Hierarchical        Loc /Filters slit #2/(X=2.700 ", Y=2.750 ")
> SM_5V                        Hierarchical        Loc /Filters slit #1/(X=2.700 ", Y=2.750 ")
> SM_5V                        Hierarchical        Loc /Turret slits/(X=2.700 ", Y=2.750 ")
> SM_5V                        Hierarchical        Loc /Short stage/(X=2.700 ", Y=2.750 ")
> SM_5V                        Hierarchical        Loc /Long stage/(X=2.700 ", Y=2.750 ")
> SM_CLK                       PinSheet Input   Loc /(X=12.750 ", Y=1.850 ")
> SM_CLK                       PinSheet Input   Loc /(X=12.700 ", Y=8.700 ")
> SM_CLK                       PinSheet Input   Loc /(X=12.750 ", Y=5.300 ")
> SM_CLK                       PinSheet Input   Loc /(X=12.700 ", Y=7.050 ")
> SM_CLK                       PinSheet Input   Loc /(X=12.750 ", Y=3.550 ")
> SM_CLK                       Hierarchical        Loc /Filters slit #2/(X=2.700 ", Y=3.350 ")
> SM_CLK                       Hierarchical        Loc /Filters slit #1/(X=2.700 ", Y=3.350 ")
> SM_CLK                       Hierarchical        Loc /Turret slits/(X=2.700 ", Y=3.350 ")
> SM_CLK                       Hierarchical        Loc /Short stage/(X=2.700 ", Y=3.350 ")
> SM_CLK                       Hierarchical        Loc /Long stage/(X=2.700 ", Y=3.350 ")
> SM_DIR                       PinSheet Input   Loc /(X=12.750 ", Y=3.700 ")
> SM_DIR                       PinSheet Input   Loc /(X=12.700 ", Y=7.200 ")
> SM_DIR                       PinSheet Input   Loc /(X=12.750 ", Y=5.450 ")
> SM_DIR                       PinSheet Input   Loc /(X=12.700 ", Y=8.850 ")
> SM_DIR                       PinSheet Input   Loc /(X=12.750 ", Y=2.000 ")
> SM_DIR                       Hierarchical        Loc /Filters slit #2/(X=2.700 ", Y=3.450 ")
> SM_DIR                       Hierarchical        Loc /Filters slit #1/(X=2.700 ", Y=3.450 ")
> SM_DIR                       Hierarchical        Loc /Turret slits/(X=2.700 ", Y=3.450 ")
> SM_DIR                       Hierarchical        Loc /Short stage/(X=2.700 ", Y=3.450 ")
> SM_DIR                       Hierarchical        Loc /Long stage/(X=2.700 ", Y=3.450 ")
> SM_EN                        PinSheet Input   Loc /(X=12.700 ", Y=9.000 ")
> SM_EN                        PinSheet Input   Loc /(X=12.700 ", Y=7.350 ")
> SM_EN                        PinSheet Input   Loc /(X=12.750 ", Y=2.150 ")
> SM_EN                        PinSheet Input   Loc /(X=12.750 ", Y=5.600 ")
> SM_EN                        PinSheet Input   Loc /(X=12.750 ", Y=3.850 ")
> SM_EN                        Hierarchical        Loc /Filters slit #2/(X=2.750 ", Y=4.050 ")
> SM_EN                        Hierarchical        Loc /Filters slit #1/(X=2.750 ", Y=4.050 ")
> SM_EN                        Hierarchical        Loc /Turret slits/(X=2.750 ", Y=4.050 ")
> SM_EN                        Hierarchical        Loc /Short stage/(X=2.750 ", Y=4.050 ")
> SM_EN                        Hierarchical        Loc /Long stage/(X=2.750 ", Y=4.050 ")
> TIM1                         PinSheet Output  Loc /(X=8.100 ", Y=3.750 ")
> TIM1                         Hierarchical        Loc /STM32F103 module/(X=1.550 ", Y=5.050 ")
> TIM2                         PinSheet Output  Loc /(X=8.100 ", Y=4.150 ")
> TIM2                         Hierarchical        Loc /STM32F103 module/(X=1.550 ", Y=5.200 ")
> UART_RX                      PinSheet Input   Loc /STM32F103 module/(X=4.150 ", Y=10.300 ")
> UART_RX                      Hierarchical        Loc /STM32F103 module/RS-232 level converter/(X=1.600 ", Y=3.650 ")
> UART_RX1                     PinSheet Input   Loc /STM32F103 module/(X=4.150 ", Y=10.700 ")
> UART_RX1                     Hierarchical        Loc /STM32F103 module/RS-232 level converter/(X=1.600 ", Y=3.800 ")
> UART_TX                      PinSheet Input   Loc /STM32F103 module/(X=4.150 ", Y=10.500 ")
> UART_TX                      Hierarchical        Loc /STM32F103 module/RS-232 level converter/(X=1.600 ", Y=3.950 ")
> UART_TX1                     PinSheet Input   Loc /STM32F103 module/(X=4.150 ", Y=10.850 ")
> UART_TX1                     Hierarchical        Loc /STM32F103 module/RS-232 level converter/(X=1.600 ", Y=4.100 ")
> USB_+5V                      PinSheet Output  Loc /STM32F103 module/(X=0.950 ", Y=10.600 ")
> USB_+5V                      Hierarchical        Loc /STM32F103 module/USB input circuit/(X=5.850 ", Y=3.750 ")
> USB_DISC                     PinSheet Input   Loc /STM32F103 module/(X=1.950 ", Y=10.500 ")
> USB_DISC                     Hierarchical        Loc /STM32F103 module/USB input circuit/(X=5.850 ", Y=3.100 ")
> USB_DM                       PinSheet BiDi    Loc /STM32F103 module/(X=1.950 ", Y=10.800 ")
> USB_DM                       Hierarchical        Loc /STM32F103 module/USB input circuit/(X=5.850 ", Y=3.400 ")
> USB_DP                       PinSheet BiDi    Loc /STM32F103 module/(X=1.950 ", Y=10.650 ")
> USB_DP                       Hierarchical        Loc /STM32F103 module/USB input circuit/(X=5.850 ", Y=3.550 ")
> USB_POWER                    PinSheet Output  Loc /STM32F103 module/(X=1.950 ", Y=10.350 ")
> USB_POWER                    Hierarchical        Loc /STM32F103 module/USB input circuit/(X=5.850 ", Y=3.250 ")
#End labels

#End List
